../Core/Src/main.c:72:6:HAL_I2C_ListenCpltCallback	16	static
../Core/Src/main.c:78:6:HAL_I2C_AddrCallback	16	static
../Core/Src/main.c:91:10:CCR_Calculation	16	static
../Core/Src/main.c:97:6:LED_Glow_PWM_CH1	16	static
../Core/Src/main.c:101:6:LED_Glow_PWM_CH2	16	static
../Core/Src/main.c:106:6:LED_Glow_PWM_CH3	16	static
../Core/Src/main.c:110:6:LED_Glow_PWM_CH4	16	static
../Core/Src/main.c:115:6:HAL_I2C_SlaveRxCpltCallback	16	static
../Core/Src/main.c:122:6:HAL_I2C_ErrorCallback	16	static
../Core/Src/main.c:133:5:main	8	static
../Core/Src/main.c:188:6:SystemClock_Config	88	static
../Core/Src/main.c:234:13:MX_I2C1_Init	8	static
../Core/Src/main.c:268:13:MX_TIM1_Init	80	static
../Core/Src/main.c:345:13:MX_GPIO_Init	24	static
../Core/Src/main.c:367:6:Error_Handler	4	static,ignoring_inline_asm
