../Core/Src/main.c:78:6:USBRxHandler	16	static
../Core/Src/main.c:126:6:Buffer_operation_strich	32	static
../Core/Src/main.c:137:9:Buffer_trim_size	16	static
../Core/Src/main.c:148:6:filter_bytestream	16	static
../Core/Src/main.c:162:6:byte_stream_operation	16	static
../Core/Src/main.c:177:5:main	8	static
../Core/Src/main.c:229:6:SystemClock_Config	88	static
../Core/Src/main.c:275:13:MX_TIM2_Init	48	static
../Core/Src/main.c:328:13:MX_TIM3_Init	48	static
../Core/Src/main.c:377:13:MX_TIM4_Init	48	static
../Core/Src/main.c:426:13:MX_GPIO_Init	40	static
../Core/Src/main.c:469:6:Error_Handler	4	static,ignoring_inline_asm
