../Core/Src/main.c:78:6:USBRxHandler	4
../Core/Src/main.c:126:6:Buffer_operation_strich	3
../Core/Src/main.c:137:9:Buffer_trim_size	4
../Core/Src/main.c:148:6:filter_bytestream	2
../Core/Src/main.c:162:6:byte_stream_operation	1
../Core/Src/main.c:177:5:main	1
../Core/Src/main.c:229:6:SystemClock_Config	3
../Core/Src/main.c:275:13:MX_TIM2_Init	5
../Core/Src/main.c:328:13:MX_TIM3_Init	4
../Core/Src/main.c:377:13:MX_TIM4_Init	4
../Core/Src/main.c:426:13:MX_GPIO_Init	1
../Core/Src/main.c:469:6:Error_Handler	1
